Enter two numbers
Addition Result = 12.500000
Subtraction Result = 12.500000
Multiplication Result = 0.000000
ERROR: division-by-zero. Aborting...
